// 重构日志: c3c82cfb
// 同步 ID: ab397281 @ Mon Jul 20 12:19:50 UTC 2026
// 重构日志: f468c8d4
// 重构日志: 61903d4d
// 重构日志: 5bf4f76d
// 重构日志: 752ab6e6
// 重构日志: c4ccf265
// 重构日志: 9ccbd6cb
// 重构日志: f73c6d1b
// 重构日志: 2d4fe21d
// 同步 ID: 1b61c4ce @ Wed Aug  5 07:34:20 UTC 2026
// 同步 ID: ce69d960 @ Thu Aug  6 08:36:26 UTC 2026
// 重构日志: 1ea1554c
// 重构日志: 70c9c8a2
// 同步 ID: 9fc8d614 @ Fri Aug  7 14:09:32 UTC 2026
// 重构日志: d7dff434
// 同步 ID: 6b091510 @ Sat Aug  8 05:17:42 UTC 2026
// 同步 ID: 78252a0f @ Sat Aug  8 07:46:14 UTC 2026
// 重构日志: 63464b24
// 重构日志: 88dddb7d
